// Jest Snapshot v1, https://goo.gl/fbAQLP

exports[`Expect to render ErrorBoundary Component 1`] = `ShallowWrapper {}`;
