// Jest Snapshot v1, https://goo.gl/fbAQLP

exports[`Expect to render Place Component 1`] = `ShallowWrapper {}`;
