// Jest Snapshot v1, https://goo.gl/fbAQLP

exports[`Expect to render Placeset Component 1`] = `ShallowWrapper {}`;
